[20240107 15:24:05.367] T-1, I : [Icon] - (TrainJourneyIcon-Winter), SetActivate: True, autoUpdateAllIcons: True
[20240107 15:24:05.368] T-1, I : [MainIconController] Request Activate icon - TrainJourneyIcon-winter(Clone), Data: Priority: Normal, IsMarkedAsActive : True
[20240107 15:24:05.368] T-1, I : [SerialTaskRunner(-1734469004)] new task enqueued name: ManuelActionTask, queue count: 1
[20240107 15:24:05.368] T-1, I : [SerialTaskRunner(-1734469004)] running next task. remaining tasks: 0
[20240107 15:24:05.368] T-1, I : [SerialTaskRunner(-1734469004)]  task completed. remaining tasks: 0
[20240107 15:24:05.368] T-1, I : [TrainJourney][IconController] Update: canShow: True
[20240107 15:24:05.369] T-1, I : [RaceMainController][TreasureHunt] [ProcessOnEventUpdateResponse] event active: False, hasRace: False, eventActiveForMe: False, isPreview: False
[20240107 15:24:05.369] T-1, I : [RaceIconController][TreasureHunt] IsEventActive: False, isPreview: False
[20240107 15:24:05.369] T-1, I : [RaceIconController][TreasureHunt] CanShowIcon: False, _previousScore: 0
[20240107 15:24:05.369] T-1, I : [Icon] - (TreasureHuntIcon), SetActivate: False, autoUpdateAllIcons: True
[20240107 15:24:05.369] T-1, I : [Bingo][Model] [HasClaimState] lastClaimedBingoStep: 0, currentBingoStep: 0, hasClaim: False
[20240107 15:24:05.369] T-1, I : [Bingo][Model] [IsEventActiveAndQuestsReady] isEventActiveForUser:False, isQuestsReady:False
[20240107 15:24:05.369] T-1, I : [QuestTracker]  There is no quest to reset.
[20240107 15:24:05.369] T-1, I : [Bingo][Model] [HasClaimState] lastClaimedBingoStep: 0, currentBingoStep: 0, hasClaim: False
[20240107 15:24:05.370] T-1, I : [Bingo][MainEventController] [ShouldDownloadAssets] shouldDownload: False
[20240107 15:24:05.370] T-1, I : [Bingo][Model] [HasClaimState] lastClaimedBingoStep: 0, currentBingoStep: 0, hasClaim: False
[20240107 15:24:05.370] T-1, I : [Bingo][Model] [HasClaimState] lastClaimedBingoStep: 0, currentBingoStep: 0, hasClaim: False
[20240107 15:24:05.370] T-1, I : [Bingo][Model] [IsEventActiveAndQuestsReady] isEventActiveForUser:False, isQuestsReady:False
[20240107 15:24:05.370] T-1, I : [Bingo][IconController] [CanShowIcon] isPreview: False, areAssetsReady: False, isEventActiveForMe: False, isAllClaimed:False
[20240107 15:24:05.370] T-1, I : [FlightJourney][IconController] shouldShowIcon: True, isPreview: False, isActiveForME: True
[20240107 15:24:05.370] T-1, I : [Icon] - (FlightJourneyIcon), SetActivate: True, autoUpdateAllIcons: True
[20240107 15:24:05.370] T-1, I : [MainIconController] Request Activate icon - FlightJourneyIcon(Clone), Data: Priority: Normal, IsMarkedAsActive : True
[20240107 15:24:05.370] T-1, I : [SerialTaskRunner(-492198910)] new task enqueued name: ManuelActionTask, queue count: 1
[20240107 15:24:05.371] T-1, I : [SerialTaskRunner(-492198910)] running next task. remaining tasks: 0
[20240107 15:24:05.371] T-1, I : [SerialTaskRunner(-492198910)]  task completed. remaining tasks: 0
[20240107 15:24:05.371] T-1, I : [FlightJourney][IconController] Update: canShow: True
[20240107 15:24:05.371] T-1, I : [PlayerModel] [MaxLifeProvider] didInitFromCache: False, isExtended: False, life: 5
[20240107 15:24:05.371] T-1, I : [Icon] - (BullsEyeLeagueIconView), SetActivate: False, autoUpdateAllIcons: True
[20240107 15:24:05.371] T-1, I : [League][LeagueMainController] areAssetsReady: True
[20240107 15:24:05.371] T-1, I : [TBEventPresenter][TryShowPossibleEventOnSchedule]
[20240107 15:24:05.371] T-1, I : [RaceMainController][CarRace] [CanShow] didRaceOrEventFinish: False, canShowStartPopup: False, isAssetReady: False
[20240107 15:24:05.371] T-1, I : [RaceMainController][CarRace] [CanShow] asset is not ready, return
[20240107 15:24:05.371] T-1, I : [RaceMainController][TreasureHunt] [CanShow] didRaceOrEventFinish: False, canShowStartPopup: False, isAssetReady: False
[20240107 15:24:05.371] T-1, I : [RaceMainController][TreasureHunt] [CanShow] asset is not ready, return
[20240107 15:24:05.371] T-1, I : [RaceMainController][BalloonRace] [CanShow] didRaceOrEventFinish: False, canShowStartPopup: False, isAssetReady: False
[20240107 15:24:05.371] T-1, I : [RaceMainController][BalloonRace] [CanShow] asset is not ready, return
[20240107 15:24:05.371] T-1, I : [Bingo][Model] [HasClaimState] lastClaimedBingoStep: 0, currentBingoStep: 0, hasClaim: False
[20240107 15:24:05.371] T-1, I : [Bingo][Model] [IsEventActiveAndQuestsReady] isEventActiveForUser:False, isQuestsReady:False
[20240107 15:24:05.372] T-1, I : [KnightsChallenge] HasResultState: False, canShowStartPopup: True, isAssetReady: True
[20240107 15:24:05.372] T-1, I : [KnightsChallenge] Start popup show CheckForSessionLimit: True
[20240107 15:24:05.372] T-1, I : [KnightsChallenge] Trying to show popup
[20240107 15:24:05.372] T-1, I : [KnightsChallenge] CanShowIntroPopup True, is shown in session True 
[20240107 15:24:05.372] T-1, I : [Duel][DuelMainController] Can't show duel popup, return
[20240107 15:24:05.372] T-1, I : [League][LeagueMainController] canShowLeaguePopup:False, canShowDownPopup:False, anyLeaguePopupActive:False, didGetFirstScore: False assetsReady: True, isActiveForMe:True, didShowPopupInSession: False, isEventActiveButNoLeaderboard:False, hasReward:False, hasLeaderboard:True
[20240107 15:24:05.373] T-1, I : [TrainJourney][MainController] can show => isAssetReady: True, sceneAlreadyVisible: False, Finalized: False, EventActive: True
[20240107 15:24:05.373] T-1, I : [FlightJourney][MainController] can show => isAssetReady: True, sceneAlreadyVisible: False, Finalized: False, EventActive: True
[20240107 15:24:05.373] T-1, I : UserEventStateRequestCommand success, event count: 5
[20240107 15:24:05.575] T-1, I : [PlayButtonSwitch] OnCurrentPlayButtonClicked: PlayButton, isInteractable: True
[20240107 15:24:05.576] T-1, I : [TownController][PlayButtonClicked]
[20240107 15:24:05.576] T-1, I : [MaxLevelController] User is not Eligible for end game
[20240107 15:24:05.576] T-1, I : can open Level: 2149
[20240107 15:24:05.579] T-1, I : [QueueController] Add to first contextType: Town id: c8147311-45ea-47a4-9361-cfc4183bddd4 item:OpenLevelTask
[20240107 15:24:05.579] T-1, I : [QueueController] TryRunNextItem
[20240107 15:24:05.579] T-1, I : [QueueController] Run next item. context:Town, Id: c8147311-45ea-47a4-9361-cfc4183bddd4, item: OpenLevelTask(OpenLevelTask)
[20240107 15:24:05.579] T-1, I : [QueueController] Context switched. Active Context: Game, previous context = Town
[20240107 15:24:05.580] T-1, I : [PeriodicFetchController] FriendNotificationController => Pause
[20240107 15:24:05.580] T-1, I : [PeriodicFetchController] FriendInviteSenderController => Pause
[20240107 15:24:05.580] T-1, I : [MainIconController] TriggerPreIconVisibilityChange: False
[20240107 15:24:05.943] T-1, I : [MainIconController] TriggerIconsVisibility: False
[20240107 15:24:05.959] T-1, I : [OnGameStart] Player: [PlayerModel] PlayerId: 5897817, PlayerTownId:35, Levels:1,0,1,1,1 Coin: 2810, Star: 1007, Hammer: 8, Life: 1, NextLevel: 2149, LifeCountdownTimestamp: 1704575954, Boosters : type: Undo amount: 1 type: Shuffle amount: 0 type: MagicWand amount: 1 type: ExtraSlot amount: 0 type: TileReturn amount: 0 type: TimeFreeze amount: 0, PlayerMods : type: Infinite endDate: 1/5/2024 6:43:50 PM, 
[20240107 15:24:05.960] T-1, I : [TileBustersEventController] PAUSED
[20240107 15:24:05.960] T-1, I : [PurchaseItemFetcher] PAUSED
[20240107 15:24:05.960] T-1, I : [CoreInteractionController][AddBlocker] blocker: Level => [Level]
[20240107 15:24:05.961] T-1, I : [GTT] -> Reset
[20240107 15:24:05.961] T-1, I : [GTT] -> Start
[20240107 15:24:05.961] T-1, I : [GameRecorder] All History Cleared
[20240107 15:24:05.961] T-1, I : [GameRecorder] Start Level: id_2352
[20240107 15:24:06.476] T-1, I : [LadyBugGameController]IsLadyBug available: False
[20240107 15:24:06.480] T-1, I : [TB-Analytics][LevelAnalytics] : LevelStart guid: 77c4d982-aac4-46b0-98e6-a5dc19d5e07d, isTutorial: False NextLevel : 2149 PlayerModel : [PlayerModel] PlayerId: 5897817, PlayerTownId:35, Levels:1,0,1,1,1 Coin: 2810, Star: 1007, Hammer: 8, Life: 1, NextLevel: 2149, LifeCountdownTimestamp: 1704575954, Boosters : type: Undo amount: 1 type: Shuffle amount: 0 type: MagicWand amount: 1 type: ExtraSlot amount: 0 type: TileReturn amount: 0 type: TimeFreeze amount: 0, PlayerMods : type: Infinite endDate: 1/5/2024 6:43:50 PM,  isPlayOn : False blockerId: 6 blockerValue: 2, levelId: id_2352, Boosters: 0:1,1:0,2:1,3:0,4:0, HammerBalance: 8, levelTest: group_2, testID: 68
[20240107 15:24:06.483] T-1, I : Firebase level_start event has been fired!, isOffline:False, LastSessionTimestamp: 638401525181344960
[20240107 15:24:06.483] T-1, I : [TreasureHunt][TreasureHuntEventModel] IsMyUserInOneShotLevel:False => stage:0, isOneShotStage: False, levelsReady: False, assetCached: False, isMyUserInRace: False, checkTimer: True, isExpired: True
[20240107 15:24:06.485] T-1, D : [League][Cache] SAVE new multiplier:1
[20240107 15:24:06.486] T-1, I : [League][LeagueMainController] OnLevelStarted => Score:156, multiplier: 1, prevMultiplier: 2
[20240107 15:24:06.486] T-1, D : [LadyBug][Cache] SAVE new multiplier:1
[20240107 15:24:06.486] T-1, I : [LadyBug][LadyBugLeagueController] OnLevelStarted => Score:0, multiplier: 1, prevMultiplier: 1
[20240107 15:24:06.486] T-1, I : [WinStreak][Cache] Saved => EventId: 496, CurrentStepIndex: 0, MaxSeenStepIndex: 5, LoopCompleteCount: 0
[20240107 15:24:06.487] T-1, D : [BullsEye][Cache] SAVE new multiplier:1
[20240107 15:24:06.488] T-1, I : [RaceMainController][TreasureHunt] OnLevelStarted: skip action => AssetReady False, isEventActive: False, UserInRace: False
[20240107 15:24:06.488] T-1, I : [TreasureHunt][TreasureHuntEventModel] IsMyUserInOneShotLevel:False => stage:0, isOneShotStage: False, levelsReady: False, assetCached: False, isMyUserInRace: False, checkTimer: True, isExpired: True
[20240107 15:24:06.488] T-1, I : [LadyBugGameController]IsLadyBug available: False
[20240107 15:24:06.489] T-1, I : [GTT] OnInteractionEnabled
[20240107 15:24:06.489] T-1, I : [GTT] Don't RESUME, _state is : Started
[20240107 15:24:06.489] T-1, I : [CoreInteractionController][RemoveBlocker] blocker: Level => []
[20240107 15:24:06.490] T-1, I : [QueueController] OnItemComplete: OpenLevelTask(OpenLevelTask)
[20240107 15:24:06.490] T-1, I : [QueueController] TryRunNextItem
[20240107 15:24:06.490] T-1, I : [PlayerModel] Life 1, lifeToAdd: -1
[20240107 15:24:06.490] T-1, I : [PlayerModel] [MaxLifeProvider] didInitFromCache: False, isExtended: False, life: 5
[20240107 15:24:06.490] T-1, I : [PlayerModel] Life after set 0
[20240107 15:24:06.491] T-1, I : [AppsFlyer] [LogEvent] out_of_lives event has been fired!
[20240107 15:24:06.492] T-1, I : Firebase out_of_lives event has been fired!, isOffline:False, LastSessionTimestamp: 638401525181344960
[20240107 15:24:06.494] T-1, I : [PlayerSyncController]OnPlayerDataPersisted
[20240107 15:24:06.494] T-1, I : [PlayerSyncController]NetworkStatus: Connected
[20240107 15:24:06.494] T-1, I : [DuplicateSessionController] isPopupInQueueOrActive: False
[20240107 15:24:06.494] T-1, I : [PlayerDuplicateSessionModel] hasOtherDeviceDataAndLatestAuthResponse: False
[20240107 15:24:06.495] T-1, I : [PlayerSyncController]TryToSyncPlayer
[20240107 15:24:06.495] T-1, I : [PlayerSyncController]Old player already authenticated, just sync the progress!!!
[20240107 15:24:06.495] T-1, I : [PlayerSyncController]SyncPlayer
[20240107 15:24:06.495] T-1, I : [PlayerSyncController]Starting sync delay
[20240107 15:24:06.495] T-1, I : [PlayerController]-[OnPlayerModelUpdated] newModel: [PlayerModel] PlayerId: 5897817, PlayerTownId:35, Levels:1,0,1,1,1 Coin: 2810, Star: 1007, Hammer: 8, Life: 0, NextLevel: 2149, LifeCountdownTimestamp: 1704575954, Boosters : type: Undo amount: 1 type: Shuffle amount: 0 type: MagicWand amount: 1 type: ExtraSlot amount: 0 type: TileReturn amount: 0 type: TimeFreeze amount: 0, PlayerMods : type: Infinite endDate: 1/5/2024 6:43:50 PM, 
[20240107 15:24:06.496] T-1, I : [PlayerModel] [MaxLifeProvider] didInitFromCache: False, isExtended: False, life: 5
[20240107 15:24:06.591] T-1, I : [PlayerSyncController]Completed sync delay
[20240107 15:24:06.591] T-1, I : [PlayerSyncController]SyncPlayerInternal
[20240107 15:24:06.591] T-1, I : [SyncWebCommand] start
[20240107 15:24:06.592] T-1, I : [SyncWebCommand] _playerModel : [PlayerModel] PlayerId: 5897817, PlayerTownId:35, Levels:1,0,1,1,1 Coin: 2810, Star: 1007, Hammer: 8, Life: 0, NextLevel: 2149, LifeCountdownTimestamp: 1704575954, Boosters : type: Undo amount: 1 type: Shuffle amount: 0 type: MagicWand amount: 1 type: ExtraSlot amount: 0 type: TileReturn amount: 0 type: TimeFreeze amount: 0, PlayerMods : type: Infinite endDate: 1/5/2024 6:43:50 PM,  Counter: 59
[20240107 15:24:06.624] T-1, I : [FlatWebService] received  Response ==> SetLevelRetryResponse
[20240107 15:24:06.725] T-1, I : [FlatWebService] received  Response ==> SyncResponse
[20240107 15:24:06.725] T-1, I : [SyncWebCommand] success
[20240107 15:24:06.726] T-1, I : [DuplicateSessionController] isPopupInQueueOrActive: False
[20240107 15:24:06.726] T-1, I : [TileBustersEventController] EnableEventSync True
[20240107 15:24:06.726] T-1, I : [PlayerSyncController]After sync player : [PlayerModel] PlayerId: 5897817, PlayerTownId:35, Levels:1,0,1,1,1 Coin: 2810, Star: 1007, Hammer: 8, Life: 0, NextLevel: 2149, LifeCountdownTimestamp: 1704575954, Boosters : type: Undo amount: 1 type: Shuffle amount: 0 type: MagicWand amount: 1 type: ExtraSlot amount: 0 type: TileReturn amount: 0 type: TimeFreeze amount: 0, PlayerMods : type: Infinite endDate: 1/5/2024 6:43:50 PM, 
[20240107 15:24:08.408] T-1, I : [GameRecorder][AddAction][MoveAction] CellId: 327 MemberId: 65 Timestamp: 2.450185
[20240107 15:24:08.417] T-1, I : [DataModel] [12|65]- Move C:1
[20240107 15:24:10.025] T-1, I : [GameRecorder][AddAction][MoveAction] CellId: 409 MemberId: 35 Timestamp: 4.066944
[20240107 15:24:10.026] T-1, I : [DataModel] [12|65]-[12|35]- Move C:2
[20240107 15:24:10.542] T-1, I : [GameRecorder][AddAction][MoveAction] CellId: 360 MemberId: 34 Timestamp: 4.583536
[20240107 15:24:10.542] T-1, I : [DataModel] [12|65]-[12|35]-[12|34]- Move C:3
[20240107 15:24:10.542] T-1, I : [DataModel] [-1|-1]- Blast C:0
[20240107 15:24:10.542] T-1, I : [InvokeOnTileRemove] Total: 66 Remaining: 63 Current: 63
[20240107 15:24:10.543] T-1, I : [GameRecorder][AddAction][BlastAction] Timestamp: 4.583536
[20240107 15:24:10.858] T-1, I : [DecreaseRemainingTileViewCount] Remaining TileView Count: 63
[20240107 15:24:10.858] T-1, I : [Blast] index:0
[20240107 15:24:11.174] T-1, I : [OnBlastCompleted] Start Id: 65
[20240107 15:24:11.174] T-1, I : [OnBlastCompleted] End Id: 65
[20240107 15:24:12.175] T-1, I : [RemoveBlastHandle] didRemove: True
[20240107 15:24:14.241] T-1, I : [GameRecorder][AddAction][MoveAction] CellId: 27 MemberId: 18 Timestamp: 8.283212
[20240107 15:24:14.242] T-1, I : [DataModel] [21|18]- Move C:1
[20240107 15:24:15.508] T-1, I : [GameRecorder][AddAction][MoveAction] CellId: 323 MemberId: 61 Timestamp: 9.54985
[20240107 15:24:15.509] T-1, I : [DataModel] [21|18]-[21|61]- Move C:2
[20240107 15:24:15.941] T-1, I : [GameRecorder][AddAction][MoveAction] CellId: 324 MemberId: 62 Timestamp: 9.983166
[20240107 15:24:15.941] T-1, I : [DataModel] [21|18]-[21|61]-[21|62]- Move C:3
[20240107 15:24:15.942] T-1, I : [DataModel] [-1|-1]- Blast C:0